
Processing video: 5085344787448740525

Processing video: 5086465773912997411

Processing video: 5085357672350628540

Processing video: 5092765202446045704

Processing video: 5090916219025116054

Processing video: 5097975856769557081

Processing video: 5099449889545545450

Processing video: 5103182645622502287

Processing video: 5134749367588120522

Processing video: 5146258161124252727

Processing video: 5172231547180314349

Processing video: 5173709444596630576

Processing video: 5218949624445806415

Processing video: 5366409594815891602

Processing video: 5391892065246550398

Processing video: 5525084584552992937
total  1173319 subs 9168
Trial 1/100, Params: dpd_1.0_dpg_10.0_ws_20_mg_4.0_sim_10, F1@0.50: 47.82
New best found!
New Best F1@0.50: 47.82 with parameters: dp_duration_penalty_weight=1.0, dp_gap_penalty_weight=10.0, dp_window_size=20, dp_max_gap=4.0, similarity_weight=10

Processing video: 5085344787448740525

Processing video: 5085357672350628540

Processing video: 5086465773912997411

Processing video: 5090916219025116054

Processing video: 5092765202446045704

Processing video: 5097975856769557081

Processing video: 5099449889545545450

Processing video: 5103182645622502287

Processing video: 5134749367588120522

Processing video: 5146258161124252727

Processing video: 5172231547180314349

Processing video: 5173709444596630576

Processing video: 5218949624445806415

Processing video: 5366409594815891602

Processing video: 5525084584552992937

Processing video: 5391892065246550398
total  1173319 subs 9168
Trial 2/100, Params: dpd_20.0_dpg_0.5_ws_20_mg_10.0_sim_10, F1@0.50: 39.31

Processing video: 5085344787448740525

Processing video: 5085357672350628540

Processing video: 5086465773912997411

Processing video: 5090916219025116054

Processing video: 5092765202446045704

Processing video: 5097975856769557081

Processing video: 5099449889545545450

Processing video: 5103182645622502287

Processing video: 5134749367588120522

Processing video: 5146258161124252727

Processing video: 5172231547180314349

Processing video: 5173709444596630576

Processing video: 5218949624445806415

Processing video: 5366409594815891602

Processing video: 5525084584552992937

Processing video: 5391892065246550398
total  1173319 subs 9168
Trial 3/100, Params: dpd_1.0_dpg_0.1_ws_50_mg_4.0_sim_10, F1@0.50: 50.13
New best found!
New Best F1@0.50: 50.13 with parameters: dp_duration_penalty_weight=1.0, dp_gap_penalty_weight=0.1, dp_window_size=50, dp_max_gap=4.0, similarity_weight=10

Processing video: 5085344787448740525

Processing video: 5086465773912997411

Processing video: 5085357672350628540

Processing video: 5090916219025116054

Processing video: 5092765202446045704

Processing video: 5097975856769557081

Processing video: 5099449889545545450

Processing video: 5103182645622502287

Processing video: 5134749367588120522

Processing video: 5146258161124252727

Processing video: 5172231547180314349

Processing video: 5173709444596630576

Processing video: 5218949624445806415

Processing video: 5366409594815891602

Processing video: 5391892065246550398

Processing video: 5525084584552992937
total  1173319 subs 9168
Trial 4/100, Params: dpd_1.0_dpg_20.0_ws_20_mg_6.0_sim_10, F1@0.50: 45.44

Processing video: 5085344787448740525

Processing video: 5085357672350628540

Processing video: 5086465773912997411

Processing video: 5090916219025116054

Processing video: 5092765202446045704

Processing video: 5097975856769557081

Processing video: 5099449889545545450

Processing video: 5103182645622502287

Processing video: 5134749367588120522

Processing video: 5146258161124252727

Processing video: 5172231547180314349

Processing video: 5173709444596630576

Processing video: 5218949624445806415

Processing video: 5366409594815891602
Processing video: 5525084584552992937


Processing video: 5391892065246550398
total  1173319 subs 9168
Trial 5/100, Params: dpd_100.0_dpg_20.0_ws_50_mg_2.0_sim_10, F1@0.50: 31.54

Processing video: 5085344787448740525

Processing video: 5085357672350628540

Processing video: 5086465773912997411

Processing video: 5090916219025116054

Processing video: 5092765202446045704

Processing video: 5097975856769557081

Processing video: 5099449889545545450

Processing video: 5103182645622502287

Processing video: 5134749367588120522

Processing video: 5146258161124252727

Processing video: 5172231547180314349

Processing video: 5173709444596630576

Processing video: 5218949624445806415

Processing video: 5366409594815891602

Processing video: 5525084584552992937

Processing video: 5391892065246550398
total  1173319 subs 9168
Trial 6/100, Params: dpd_0.1_dpg_2.0_ws_20_mg_2.0_sim_10, F1@0.50: 47.74

Processing video: 5085344787448740525

Processing video: 5085357672350628540

Processing video: 5090916219025116054

Processing video: 5086465773912997411

Processing video: 5092765202446045704

Processing video: 5097975856769557081

Processing video: 5099449889545545450

Processing video: 5103182645622502287

Processing video: 5134749367588120522

Processing video: 5146258161124252727

Processing video: 5172231547180314349

Processing video: 5173709444596630576

Processing video: 5218949624445806415

Processing video: 5366409594815891602

Processing video: 5391892065246550398

Processing video: 5525084584552992937
total  1173319 subs 9168
Trial 7/100, Params: dpd_100.0_dpg_0.0_ws_30_mg_10.0_sim_10, F1@0.50: 30.72

Processing video: 5085344787448740525

Processing video: 5085357672350628540

Processing video: 5086465773912997411

Processing video: 5090916219025116054

Processing video: 5092765202446045704

Processing video: 5097975856769557081

Processing video: 5099449889545545450

Processing video: 5103182645622502287

Processing video: 5134749367588120522

Processing video: 5146258161124252727

Processing video: 5172231547180314349

Processing video: 5173709444596630576

Processing video: 5218949624445806415

Processing video: 5366409594815891602

Processing video: 5525084584552992937

Processing video: 5391892065246550398
total  1173319 subs 9168
Trial 8/100, Params: dpd_0.8_dpg_5.0_ws_50_mg_8.0_sim_10, F1@0.50: 50.63
New best found!
New Best F1@0.50: 50.63 with parameters: dp_duration_penalty_weight=0.8, dp_gap_penalty_weight=5.0, dp_window_size=50, dp_max_gap=8.0, similarity_weight=10

Processing video: 5085344787448740525

Processing video: 5086465773912997411

Processing video: 5085357672350628540

Processing video: 5090916219025116054

Processing video: 5092765202446045704

Processing video: 5097975856769557081

Processing video: 5099449889545545450

Processing video: 5103182645622502287

Processing video: 5134749367588120522

Processing video: 5146258161124252727

Processing video: 5172231547180314349

Processing video: 5173709444596630576

Processing video: 5218949624445806415

Processing video: 5366409594815891602

Processing video: 5525084584552992937

Processing video: 5391892065246550398
total  1173319 subs 9168
Trial 9/100, Params: dpd_0.5_dpg_0.1_ws_50_mg_4.0_sim_10, F1@0.50: 49.86

Processing video: 5085344787448740525

Processing video: 5085357672350628540

Processing video: 5086465773912997411

Processing video: 5090916219025116054

Processing video: 5092765202446045704

Processing video: 5097975856769557081

Processing video: 5099449889545545450

Processing video: 5103182645622502287

Processing video: 5134749367588120522

Processing video: 5146258161124252727

Processing video: 5172231547180314349

Processing video: 5173709444596630576

Processing video: 5218949624445806415

Processing video: 5366409594815891602

Processing video: 5525084584552992937

Processing video: 5391892065246550398
total  1173319 subs 9168
Trial 10/100, Params: dpd_0.0_dpg_100.0_ws_20_mg_4.0_sim_10, F1@0.50: 30.22

Processing video: 5085344787448740525

Processing video: 5085357672350628540

Processing video: 5086465773912997411

Processing video: 5090916219025116054

Processing video: 5092765202446045704

Processing video: 5097975856769557081

Processing video: 5099449889545545450

Processing video: 5103182645622502287

Processing video: 5134749367588120522

Processing video: 5146258161124252727

Processing video: 5172231547180314349

Processing video: 5173709444596630576

Processing video: 5218949624445806415

Processing video: 5366409594815891602

Processing video: 5525084584552992937

Processing video: 5391892065246550398
total  1173319 subs 9168
Trial 11/100, Params: dpd_0.8_dpg_10.0_ws_30_mg_4.0_sim_10, F1@0.50: 49.32

Processing video: 5085344787448740525

Processing video: 5085357672350628540

Processing video: 5086465773912997411

Processing video: 5090916219025116054

Processing video: 5092765202446045704

Processing video: 5097975856769557081

Processing video: 5099449889545545450

Processing video: 5103182645622502287

Processing video: 5134749367588120522

Processing video: 5146258161124252727

Processing video: 5172231547180314349

Processing video: 5173709444596630576

Processing video: 5218949624445806415

Processing video: 5366409594815891602

Processing video: 5525084584552992937

Processing video: 5391892065246550398
total  1173319 subs 9168
Trial 12/100, Params: dpd_2.0_dpg_1.0_ws_50_mg_10.0_sim_10, F1@0.50: 50.87
New best found!
New Best F1@0.50: 50.87 with parameters: dp_duration_penalty_weight=2.0, dp_gap_penalty_weight=1.0, dp_window_size=50, dp_max_gap=10.0, similarity_weight=10

Processing video: 5085357672350628540

Processing video: 5085344787448740525

Processing video: 5086465773912997411

Processing video: 5090916219025116054

Processing video: 5092765202446045704

Processing video: 5097975856769557081

Processing video: 5099449889545545450

Processing video: 5103182645622502287

Processing video: 5134749367588120522

Processing video: 5146258161124252727

Processing video: 5172231547180314349

Processing video: 5173709444596630576

Processing video: 5218949624445806415

Processing video: 5366409594815891602

Processing video: 5391892065246550398

Processing video: 5525084584552992937
total  1173319 subs 9168
Trial 13/100, Params: dpd_100.0_dpg_20.0_ws_50_mg_2.0_sim_10, F1@0.50: 31.54

Processing video: 5085344787448740525

Processing video: 5086465773912997411

Processing video: 5085357672350628540

Processing video: 5090916219025116054

Processing video: 5092765202446045704

Processing video: 5097975856769557081

Processing video: 5099449889545545450

Processing video: 5103182645622502287

Processing video: 5134749367588120522

Processing video: 5146258161124252727

Processing video: 5172231547180314349

Processing video: 5173709444596630576

Processing video: 5218949624445806415

Processing video: 5366409594815891602

Processing video: 5391892065246550398

Processing video: 5525084584552992937
total  1173319 subs 9168
Trial 14/100, Params: dpd_20.0_dpg_0.8_ws_30_mg_10.0_sim_10, F1@0.50: 42.46

Processing video: 5085344787448740525

Processing video: 5085357672350628540

Processing video: 5086465773912997411

Processing video: 5090916219025116054

Processing video: 5092765202446045704

Processing video: 5097975856769557081

Processing video: 5099449889545545450

Processing video: 5103182645622502287

Processing video: 5134749367588120522

Processing video: 5146258161124252727

Processing video: 5172231547180314349

Processing video: 5173709444596630576

Processing video: 5218949624445806415

Processing video: 5366409594815891602

Processing video: 5525084584552992937

Processing video: 5391892065246550398
total  1173319 subs 9168
Trial 15/100, Params: dpd_0.8_dpg_5.0_ws_30_mg_4.0_sim_10, F1@0.50: 49.93

Processing video: 5085344787448740525

Processing video: 5086465773912997411

Processing video: 5085357672350628540

Processing video: 5090916219025116054

Processing video: 5092765202446045704

Processing video: 5097975856769557081

Processing video: 5099449889545545450

Processing video: 5103182645622502287

Processing video: 5134749367588120522

Processing video: 5146258161124252727

Processing video: 5172231547180314349

Processing video: 5173709444596630576

Processing video: 5218949624445806415

Processing video: 5366409594815891602

Processing video: 5391892065246550398

Processing video: 5525084584552992937
total  1173319 subs 9168
Trial 16/100, Params: dpd_100.0_dpg_1.0_ws_40_mg_8.0_sim_10, F1@0.50: 31.24

Processing video: 5085344787448740525

Processing video: 5086465773912997411

Processing video: 5085357672350628540

Processing video: 5090916219025116054

Processing video: 5092765202446045704

Processing video: 5097975856769557081

Processing video: 5099449889545545450

Processing video: 5103182645622502287

Processing video: 5134749367588120522

Processing video: 5146258161124252727

Processing video: 5172231547180314349

Processing video: 5173709444596630576

Processing video: 5218949624445806415

Processing video: 5366409594815891602

Processing video: 5391892065246550398

Processing video: 5525084584552992937
total  1173319 subs 9168
Trial 17/100, Params: dpd_2.0_dpg_5.0_ws_20_mg_2.0_sim_10, F1@0.50: 48.8

Processing video: 5085344787448740525

Processing video: 5085357672350628540

Processing video: 5086465773912997411

Processing video: 5090916219025116054

Processing video: 5092765202446045704

Processing video: 5097975856769557081

Processing video: 5099449889545545450

Processing video: 5103182645622502287

Processing video: 5134749367588120522

Processing video: 5146258161124252727

Processing video: 5172231547180314349

Processing video: 5173709444596630576

Processing video: 5218949624445806415

Processing video: 5366409594815891602

Processing video: 5525084584552992937

Processing video: 5391892065246550398
total  1173319 subs 9168
Trial 18/100, Params: dpd_100.0_dpg_10.0_ws_40_mg_10.0_sim_10, F1@0.50: 32.24

Processing video: 5085344787448740525

Processing video: 5085357672350628540

Processing video: 5090916219025116054

Processing video: 5086465773912997411

Processing video: 5092765202446045704

Processing video: 5097975856769557081

Processing video: 5099449889545545450

Processing video: 5103182645622502287

Processing video: 5134749367588120522

Processing video: 5146258161124252727

Processing video: 5172231547180314349

Processing video: 5173709444596630576

Processing video: 5218949624445806415

Processing video: 5366409594815891602

Processing video: 5391892065246550398

Processing video: 5525084584552992937
total  1173319 subs 9168
Trial 19/100, Params: dpd_0.5_dpg_2.0_ws_20_mg_8.0_sim_10, F1@0.50: 48.45

Processing video: 5085344787448740525

Processing video: 5085357672350628540

Processing video: 5086465773912997411

Processing video: 5090916219025116054

Processing video: 5092765202446045704

Processing video: 5097975856769557081

Processing video: 5099449889545545450

Processing video: 5103182645622502287

Processing video: 5134749367588120522

Processing video: 5146258161124252727

Processing video: 5172231547180314349

Processing video: 5173709444596630576

Processing video: 5218949624445806415

Processing video: 5366409594815891602

Processing video: 5525084584552992937

Processing video: 5391892065246550398
total  1173319 subs 9168
Trial 20/100, Params: dpd_0.8_dpg_0.8_ws_30_mg_2.0_sim_10, F1@0.50: 49.02

Processing video: 5085344787448740525

Processing video: 5085357672350628540

Processing video: 5086465773912997411

Processing video: 5090916219025116054

Processing video: 5092765202446045704

Processing video: 5097975856769557081

Processing video: 5099449889545545450

Processing video: 5103182645622502287

Processing video: 5134749367588120522

Processing video: 5146258161124252727

Processing video: 5172231547180314349

Processing video: 5173709444596630576

Processing video: 5366409594815891602

Processing video: 5218949624445806415

Processing video: 5525084584552992937

Processing video: 5391892065246550398
total  1173319 subs 9168
Trial 21/100, Params: dpd_5.0_dpg_0.8_ws_50_mg_8.0_sim_10, F1@0.50: 49.87

Processing video: 5085344787448740525

Processing video: 5085357672350628540

Processing video: 5086465773912997411

Processing video: 5090916219025116054

Processing video: 5092765202446045704

Processing video: 5097975856769557081

Processing video: 5099449889545545450

Processing video: 5103182645622502287

Processing video: 5134749367588120522

Processing video: 5146258161124252727

Processing video: 5172231547180314349

Processing video: 5173709444596630576

Processing video: 5218949624445806415

Processing video: 5366409594815891602

Processing video: 5391892065246550398
Processing video: 5525084584552992937

total  1173319 subs 9168
Trial 22/100, Params: dpd_0.1_dpg_0.0_ws_20_mg_2.0_sim_10, F1@0.50: 48.52

Processing video: 5085344787448740525

Processing video: 5086465773912997411

Processing video: 5085357672350628540

Processing video: 5090916219025116054

Processing video: 5092765202446045704

Processing video: 5097975856769557081

Processing video: 5099449889545545450

Processing video: 5103182645622502287

Processing video: 5134749367588120522

Processing video: 5146258161124252727

Processing video: 5172231547180314349

Processing video: 5173709444596630576

Processing video: 5218949624445806415

Processing video: 5366409594815891602

Processing video: 5391892065246550398

Processing video: 5525084584552992937
total  1173319 subs 9168
Trial 23/100, Params: dpd_2.0_dpg_0.8_ws_30_mg_4.0_sim_10, F1@0.50: 50.15

Processing video: 5085344787448740525

Processing video: 5085357672350628540

Processing video: 5086465773912997411

Processing video: 5090916219025116054

Processing video: 5092765202446045704

Processing video: 5097975856769557081

Processing video: 5099449889545545450

Processing video: 5103182645622502287

Processing video: 5134749367588120522

Processing video: 5146258161124252727

Processing video: 5172231547180314349

Processing video: 5173709444596630576

Processing video: 5218949624445806415

Processing video: 5366409594815891602

Processing video: 5525084584552992937

Processing video: 5391892065246550398
total  1173319 subs 9168
Trial 24/100, Params: dpd_100.0_dpg_10.0_ws_40_mg_8.0_sim_10, F1@0.50: 32.23

Processing video: 5085357672350628540

Processing video: 5085344787448740525

Processing video: 5086465773912997411

Processing video: 5090916219025116054

Processing video: 5092765202446045704

Processing video: 5097975856769557081

Processing video: 5099449889545545450

Processing video: 5103182645622502287

Processing video: 5134749367588120522

Processing video: 5146258161124252727

Processing video: 5172231547180314349

Processing video: 5173709444596630576

Processing video: 5218949624445806415

Processing video: 5366409594815891602

Processing video: 5391892065246550398

Processing video: 5525084584552992937
total  1173319 subs 9168
Trial 25/100, Params: dpd_100.0_dpg_0.0_ws_40_mg_2.0_sim_10, F1@0.50: 31.47

Processing video: 5085344787448740525

Processing video: 5085357672350628540

Processing video: 5086465773912997411

Processing video: 5090916219025116054

Processing video: 5092765202446045704

Processing video: 5097975856769557081

Processing video: 5099449889545545450

Processing video: 5103182645622502287

Processing video: 5134749367588120522

Processing video: 5146258161124252727

Processing video: 5172231547180314349

Processing video: 5173709444596630576

Processing video: 5218949624445806415

Processing video: 5366409594815891602

Processing video: 5391892065246550398

Processing video: 5525084584552992937
total  1173319 subs 9168
Trial 26/100, Params: dpd_0.5_dpg_0.1_ws_20_mg_10.0_sim_10, F1@0.50: 47.91

Processing video: 5085344787448740525

Processing video: 5086465773912997411

Processing video: 5085357672350628540

Processing video: 5090916219025116054

Processing video: 5092765202446045704

Processing video: 5097975856769557081

Processing video: 5099449889545545450

Processing video: 5103182645622502287

Processing video: 5134749367588120522

Processing video: 5146258161124252727

Processing video: 5172231547180314349

Processing video: 5173709444596630576

Processing video: 5218949624445806415

Processing video: 5366409594815891602

Processing video: 5391892065246550398

Processing video: 5525084584552992937
total  1173319 subs 9168
Trial 27/100, Params: dpd_100.0_dpg_0.5_ws_50_mg_4.0_sim_10, F1@0.50: 31.12

Processing video: 5085344787448740525

Processing video: 5085357672350628540

Processing video: 5086465773912997411

Processing video: 5090916219025116054

Processing video: 5092765202446045704

Processing video: 5097975856769557081

Processing video: 5099449889545545450

Processing video: 5103182645622502287

Processing video: 5134749367588120522

Processing video: 5146258161124252727

Processing video: 5172231547180314349

Processing video: 5173709444596630576

Processing video: 5218949624445806415

Processing video: 5366409594815891602

Processing video: 5525084584552992937

Processing video: 5391892065246550398
total  1173319 subs 9168
Trial 28/100, Params: dpd_20.0_dpg_0.0_ws_30_mg_8.0_sim_10, F1@0.50: 42.52

Processing video: 5085344787448740525

Processing video: 5085357672350628540

Processing video: 5086465773912997411

Processing video: 5090916219025116054

Processing video: 5092765202446045704

Processing video: 5097975856769557081

Processing video: 5099449889545545450

Processing video: 5103182645622502287

Processing video: 5134749367588120522

Processing video: 5146258161124252727

Processing video: 5172231547180314349

Processing video: 5173709444596630576

Processing video: 5218949624445806415

Processing video: 5366409594815891602

Processing video: 5525084584552992937

Processing video: 5391892065246550398
total  1173319 subs 9168
Trial 29/100, Params: dpd_0.0_dpg_0.1_ws_40_mg_8.0_sim_10, F1@0.50: 49.52

Processing video: 5085344787448740525

Processing video: 5085357672350628540

Processing video: 5086465773912997411

Processing video: 5090916219025116054

Processing video: 5092765202446045704

Processing video: 5097975856769557081

Processing video: 5099449889545545450

Processing video: 5103182645622502287

Processing video: 5134749367588120522

Processing video: 5146258161124252727

Processing video: 5173709444596630576

Processing video: 5172231547180314349

Processing video: 5218949624445806415

Processing video: 5366409594815891602

Processing video: 5391892065246550398

Processing video: 5525084584552992937
total  1173319 subs 9168
Trial 30/100, Params: dpd_10.0_dpg_100.0_ws_40_mg_2.0_sim_10, F1@0.50: 44.45

Processing video: 5085344787448740525

Processing video: 5085357672350628540

Processing video: 5086465773912997411

Processing video: 5090916219025116054

Processing video: 5092765202446045704

Processing video: 5097975856769557081

Processing video: 5099449889545545450

Processing video: 5103182645622502287

Processing video: 5134749367588120522

Processing video: 5146258161124252727

Processing video: 5172231547180314349

Processing video: 5173709444596630576

Processing video: 5218949624445806415

Processing video: 5366409594815891602

Processing video: 5525084584552992937

Processing video: 5391892065246550398
total  1173319 subs 9168
Trial 31/100, Params: dpd_20.0_dpg_0.5_ws_20_mg_10.0_sim_10, F1@0.50: 39.31

Processing video: 5085344787448740525

Processing video: 5085357672350628540

Processing video: 5086465773912997411

Processing video: 5090916219025116054

Processing video: 5092765202446045704

Processing video: 5097975856769557081

Processing video: 5099449889545545450

Processing video: 5103182645622502287

Processing video: 5134749367588120522

Processing video: 5146258161124252727

Processing video: 5172231547180314349

Processing video: 5173709444596630576

Processing video: 5218949624445806415

Processing video: 5366409594815891602

Processing video: 5525084584552992937

Processing video: 5391892065246550398
total  1173319 subs 9168
Trial 32/100, Params: dpd_0.0_dpg_100.0_ws_40_mg_10.0_sim_10, F1@0.50: 31.72

Processing video: 5085344787448740525

Processing video: 5085357672350628540

Processing video: 5086465773912997411

Processing video: 5090916219025116054

Processing video: 5092765202446045704

Processing video: 5097975856769557081

Processing video: 5099449889545545450

Processing video: 5103182645622502287

Processing video: 5134749367588120522

Processing video: 5146258161124252727

Processing video: 5172231547180314349

Processing video: 5173709444596630576

Processing video: 5218949624445806415

Processing video: 5366409594815891602

Processing video: 5525084584552992937

Processing video: 5391892065246550398
total  1173319 subs 9168
Trial 33/100, Params: dpd_0.8_dpg_10.0_ws_20_mg_4.0_sim_10, F1@0.50: 47.52

Processing video: 5085344787448740525

Processing video: 5085357672350628540

Processing video: 5090916219025116054

Processing video: 5086465773912997411

Processing video: 5092765202446045704

Processing video: 5097975856769557081

Processing video: 5099449889545545450

Processing video: 5103182645622502287

Processing video: 5134749367588120522

Processing video: 5146258161124252727

Processing video: 5172231547180314349

Processing video: 5173709444596630576

Processing video: 5218949624445806415

Processing video: 5366409594815891602

Processing video: 5391892065246550398

Processing video: 5525084584552992937
total  1173319 subs 9168
Trial 34/100, Params: dpd_20.0_dpg_0.0_ws_20_mg_10.0_sim_10, F1@0.50: 39.27

Processing video: 5085344787448740525

Processing video: 5086465773912997411

Processing video: 5085357672350628540

Processing video: 5090916219025116054

Processing video: 5092765202446045704

Processing video: 5097975856769557081

Processing video: 5099449889545545450

Processing video: 5103182645622502287

Processing video: 5134749367588120522

Processing video: 5146258161124252727

Processing video: 5172231547180314349

Processing video: 5173709444596630576

Processing video: 5218949624445806415

Processing video: 5366409594815891602

Processing video: 5391892065246550398

Processing video: 5525084584552992937
total  1173319 subs 9168
Trial 35/100, Params: dpd_5.0_dpg_0.8_ws_30_mg_6.0_sim_10, F1@0.50: 49.19

Processing video: 5085344787448740525

Processing video: 5085357672350628540

Processing video: 5086465773912997411

Processing video: 5090916219025116054

Processing video: 5092765202446045704

Processing video: 5097975856769557081

Processing video: 5099449889545545450

Processing video: 5103182645622502287

Processing video: 5134749367588120522

Processing video: 5146258161124252727

Processing video: 5172231547180314349

Processing video: 5173709444596630576

Processing video: 5218949624445806415

Processing video: 5366409594815891602

Processing video: 5525084584552992937

Processing video: 5391892065246550398
total  1173319 subs 9168
Trial 36/100, Params: dpd_0.0_dpg_0.0_ws_20_mg_6.0_sim_10, F1@0.50: 47.75

Processing video: 5085344787448740525

Processing video: 5085357672350628540

Processing video: 5086465773912997411

Processing video: 5090916219025116054

Processing video: 5092765202446045704

Processing video: 5097975856769557081

Processing video: 5099449889545545450

Processing video: 5103182645622502287

Processing video: 5134749367588120522

Processing video: 5146258161124252727

Processing video: 5172231547180314349

Processing video: 5173709444596630576

Processing video: 5218949624445806415

Processing video: 5366409594815891602

Processing video: 5391892065246550398

Processing video: 5525084584552992937
total  1173319 subs 9168
Trial 37/100, Params: dpd_0.8_dpg_1.0_ws_40_mg_8.0_sim_10, F1@0.50: 50.36

Processing video: 5085344787448740525

Processing video: 5085357672350628540

Processing video: 5086465773912997411

Processing video: 5090916219025116054

Processing video: 5092765202446045704

Processing video: 5097975856769557081

Processing video: 5099449889545545450

Processing video: 5103182645622502287

Processing video: 5134749367588120522

Processing video: 5146258161124252727

Processing video: 5172231547180314349

Processing video: 5173709444596630576

Processing video: 5218949624445806415

Processing video: 5366409594815891602

Processing video: 5525084584552992937

Processing video: 5391892065246550398
total  1173319 subs 9168
Trial 38/100, Params: dpd_1.0_dpg_1.0_ws_40_mg_6.0_sim_10, F1@0.50: 50.38

Processing video: 5085344787448740525

Processing video: 5085357672350628540

Processing video: 5086465773912997411

Processing video: 5090916219025116054

Processing video: 5092765202446045704

Processing video: 5097975856769557081

Processing video: 5099449889545545450

Processing video: 5103182645622502287

Processing video: 5134749367588120522

Processing video: 5146258161124252727

Processing video: 5172231547180314349

Processing video: 5173709444596630576

Processing video: 5218949624445806415

Processing video: 5366409594815891602

Processing video: 5525084584552992937

Processing video: 5391892065246550398
total  1173319 subs 9168
Trial 39/100, Params: dpd_0.0_dpg_100.0_ws_40_mg_6.0_sim_10, F1@0.50: 31.72

Processing video: 5085344787448740525

Processing video: 5086465773912997411

Processing video: 5085357672350628540

Processing video: 5090916219025116054

Processing video: 5092765202446045704

Processing video: 5097975856769557081

Processing video: 5099449889545545450

Processing video: 5103182645622502287

Processing video: 5134749367588120522

Processing video: 5146258161124252727

Processing video: 5172231547180314349

Processing video: 5173709444596630576

Processing video: 5218949624445806415

Processing video: 5366409594815891602

Processing video: 5391892065246550398

Processing video: 5525084584552992937
total  1173319 subs 9168
Trial 40/100, Params: dpd_10.0_dpg_10.0_ws_30_mg_8.0_sim_10, F1@0.50: 48.59

Processing video: 5085357672350628540

Processing video: 5085344787448740525

Processing video: 5086465773912997411

Processing video: 5090916219025116054

Processing video: 5092765202446045704

Processing video: 5097975856769557081

Processing video: 5099449889545545450

Processing video: 5103182645622502287

Processing video: 5134749367588120522

Processing video: 5146258161124252727

Processing video: 5172231547180314349

Processing video: 5173709444596630576

Processing video: 5218949624445806415

Processing video: 5366409594815891602

Processing video: 5391892065246550398

Processing video: 5525084584552992937
total  1173319 subs 9168
Trial 41/100, Params: dpd_2.0_dpg_100.0_ws_30_mg_2.0_sim_10, F1@0.50: 37.42

Processing video: 5085344787448740525

Processing video: 5086465773912997411

Processing video: 5085357672350628540

Processing video: 5090916219025116054

Processing video: 5092765202446045704

Processing video: 5097975856769557081

Processing video: 5099449889545545450

Processing video: 5103182645622502287

Processing video: 5134749367588120522

Processing video: 5146258161124252727

Processing video: 5172231547180314349

Processing video: 5173709444596630576

Processing video: 5218949624445806415

Processing video: 5366409594815891602

Processing video: 5391892065246550398
Processing video: 5525084584552992937

total  1173319 subs 9168
Trial 42/100, Params: dpd_0.5_dpg_0.0_ws_40_mg_4.0_sim_10, F1@0.50: 49.82

Processing video: 5085344787448740525

Processing video: 5086465773912997411

Processing video: 5085357672350628540

Processing video: 5090916219025116054

Processing video: 5092765202446045704

Processing video: 5097975856769557081

Processing video: 5099449889545545450

Processing video: 5103182645622502287

Processing video: 5134749367588120522

Processing video: 5146258161124252727

Processing video: 5172231547180314349

Processing video: 5173709444596630576

Processing video: 5218949624445806415

Processing video: 5366409594815891602

Processing video: 5391892065246550398

Processing video: 5525084584552992937
total  1173319 subs 9168
Trial 43/100, Params: dpd_100.0_dpg_0.8_ws_20_mg_8.0_sim_10, F1@0.50: 28.83

Processing video: 5085344787448740525

Processing video: 5085357672350628540

Processing video: 5086465773912997411

Processing video: 5090916219025116054

Processing video: 5092765202446045704

Processing video: 5097975856769557081

Processing video: 5099449889545545450

Processing video: 5103182645622502287

Processing video: 5134749367588120522

Processing video: 5146258161124252727

Processing video: 5172231547180314349

Processing video: 5173709444596630576

Processing video: 5218949624445806415

Processing video: 5366409594815891602

Processing video: 5525084584552992937

Processing video: 5391892065246550398
total  1173319 subs 9168
Trial 44/100, Params: dpd_20.0_dpg_5.0_ws_30_mg_2.0_sim_10, F1@0.50: 42.4

Processing video: 5085344787448740525

Processing video: 5085357672350628540

Processing video: 5086465773912997411

Processing video: 5090916219025116054

Processing video: 5092765202446045704

Processing video: 5097975856769557081

Processing video: 5099449889545545450

Processing video: 5103182645622502287

Processing video: 5134749367588120522

Processing video: 5146258161124252727

Processing video: 5172231547180314349

Processing video: 5173709444596630576

Processing video: 5218949624445806415

Processing video: 5366409594815891602
Processing video: 5525084584552992937


Processing video: 5391892065246550398
total  1173319 subs 9168
Trial 45/100, Params: dpd_0.0_dpg_1.0_ws_30_mg_4.0_sim_10, F1@0.50: 49.64

Processing video: 5085344787448740525

Processing video: 5086465773912997411

Processing video: 5085357672350628540

Processing video: 5090916219025116054

Processing video: 5092765202446045704

Processing video: 5097975856769557081

Processing video: 5099449889545545450

Processing video: 5103182645622502287

Processing video: 5134749367588120522

Processing video: 5146258161124252727

Processing video: 5172231547180314349

Processing video: 5173709444596630576

Processing video: 5218949624445806415

Processing video: 5366409594815891602

Processing video: 5391892065246550398

Processing video: 5525084584552992937
total  1173319 subs 9168
Trial 46/100, Params: dpd_0.5_dpg_0.0_ws_30_mg_6.0_sim_10, F1@0.50: 49.36

Processing video: 5085344787448740525

Processing video: 5086465773912997411

Processing video: 5085357672350628540

Processing video: 5090916219025116054

Processing video: 5092765202446045704

Processing video: 5097975856769557081

Processing video: 5099449889545545450

Processing video: 5103182645622502287

Processing video: 5134749367588120522

Processing video: 5146258161124252727

Processing video: 5172231547180314349

Processing video: 5173709444596630576

Processing video: 5218949624445806415

Processing video: 5366409594815891602

Processing video: 5391892065246550398

Processing video: 5525084584552992937
total  1173319 subs 9168
Trial 47/100, Params: dpd_5.0_dpg_5.0_ws_40_mg_10.0_sim_10, F1@0.50: 50.92
New best found!
New Best F1@0.50: 50.92 with parameters: dp_duration_penalty_weight=5.0, dp_gap_penalty_weight=5.0, dp_window_size=40, dp_max_gap=10.0, similarity_weight=10

Processing video: 5085344787448740525

Processing video: 5085357672350628540

Processing video: 5086465773912997411

Processing video: 5090916219025116054

Processing video: 5092765202446045704

Processing video: 5097975856769557081

Processing video: 5099449889545545450

Processing video: 5103182645622502287

Processing video: 5134749367588120522

Processing video: 5146258161124252727

Processing video: 5172231547180314349

Processing video: 5173709444596630576

Processing video: 5218949624445806415

Processing video: 5366409594815891602

Processing video: 5525084584552992937

Processing video: 5391892065246550398
total  1173319 subs 9168
Trial 48/100, Params: dpd_0.5_dpg_10.0_ws_40_mg_6.0_sim_10, F1@0.50: 49.39

Processing video: 5085344787448740525

Processing video: 5086465773912997411

Processing video: 5085357672350628540

Processing video: 5090916219025116054

Processing video: 5092765202446045704

Processing video: 5097975856769557081

Processing video: 5099449889545545450

Processing video: 5103182645622502287

Processing video: 5134749367588120522

Processing video: 5146258161124252727

Processing video: 5172231547180314349

Processing video: 5173709444596630576

Processing video: 5218949624445806415

Processing video: 5366409594815891602

Processing video: 5391892065246550398

Processing video: 5525084584552992937
total  1173319 subs 9168
Trial 49/100, Params: dpd_1.0_dpg_100.0_ws_30_mg_6.0_sim_10, F1@0.50: 35.15

Processing video: 5085344787448740525

Processing video: 5085357672350628540

Processing video: 5086465773912997411

Processing video: 5090916219025116054

Processing video: 5092765202446045704

Processing video: 5097975856769557081

Processing video: 5099449889545545450

Processing video: 5103182645622502287

Processing video: 5134749367588120522

Processing video: 5146258161124252727

Processing video: 5172231547180314349

Processing video: 5173709444596630576

Processing video: 5218949624445806415

Processing video: 5525084584552992937
Processing video: 5366409594815891602


Processing video: 5391892065246550398
total  1173319 subs 9168
Trial 50/100, Params: dpd_0.0_dpg_1.0_ws_20_mg_8.0_sim_10, F1@0.50: 48.16

Processing video: 5085344787448740525

Processing video: 5085357672350628540

Processing video: 5086465773912997411

Processing video: 5090916219025116054

Processing video: 5092765202446045704

Processing video: 5097975856769557081

Processing video: 5099449889545545450

Processing video: 5103182645622502287

Processing video: 5134749367588120522

Processing video: 5146258161124252727

Processing video: 5172231547180314349

Processing video: 5173709444596630576

Processing video: 5218949624445806415

Processing video: 5525084584552992937

Processing video: 5391892065246550398
Processing video: 5366409594815891602

total  1173319 subs 9168
Trial 51/100, Params: dpd_100.0_dpg_5.0_ws_30_mg_10.0_sim_10, F1@0.50: 31.15

Processing video: 5085357672350628540

Processing video: 5085344787448740525

Processing video: 5086465773912997411

Processing video: 5090916219025116054

Processing video: 5092765202446045704

Processing video: 5097975856769557081

Processing video: 5099449889545545450

Processing video: 5103182645622502287

Processing video: 5134749367588120522

Processing video: 5146258161124252727

Processing video: 5172231547180314349

Processing video: 5173709444596630576

Processing video: 5218949624445806415

Processing video: 5366409594815891602

Processing video: 5391892065246550398

Processing video: 5525084584552992937
total  1173319 subs 9168
Trial 52/100, Params: dpd_0.5_dpg_0.1_ws_20_mg_4.0_sim_10, F1@0.50: 48.42

Processing video: 5085344787448740525

Processing video: 5085357672350628540

Processing video: 5086465773912997411

Processing video: 5090916219025116054

Processing video: 5092765202446045704

Processing video: 5097975856769557081

Processing video: 5099449889545545450

Processing video: 5103182645622502287

Processing video: 5134749367588120522

Processing video: 5146258161124252727

Processing video: 5172231547180314349

Processing video: 5173709444596630576

Processing video: 5218949624445806415

Processing video: 5366409594815891602

Processing video: 5525084584552992937

Processing video: 5391892065246550398
total  1173319 subs 9168
Trial 53/100, Params: dpd_100.0_dpg_10.0_ws_20_mg_8.0_sim_10, F1@0.50: 29.27

Processing video: 5085344787448740525

Processing video: 5085357672350628540

Processing video: 5086465773912997411

Processing video: 5090916219025116054

Processing video: 5092765202446045704

Processing video: 5097975856769557081

Processing video: 5099449889545545450

Processing video: 5103182645622502287

Processing video: 5134749367588120522

Processing video: 5146258161124252727

Processing video: 5172231547180314349

Processing video: 5173709444596630576

Processing video: 5218949624445806415

Processing video: 5366409594815891602

Processing video: 5391892065246550398
Processing video: 5525084584552992937

total  1173319 subs 9168
Trial 54/100, Params: dpd_2.0_dpg_5.0_ws_20_mg_10.0_sim_10, F1@0.50: 49.04

Processing video: 5085344787448740525

Processing video: 5085357672350628540

Processing video: 5086465773912997411

Processing video: 5090916219025116054

Processing video: 5092765202446045704

Processing video: 5097975856769557081

Processing video: 5099449889545545450

Processing video: 5103182645622502287

Processing video: 5134749367588120522

Processing video: 5146258161124252727

Processing video: 5172231547180314349

Processing video: 5173709444596630576

Processing video: 5218949624445806415

Processing video: 5525084584552992937

Processing video: 5366409594815891602

Processing video: 5391892065246550398
total  1173319 subs 9168
Trial 55/100, Params: dpd_2.0_dpg_2.0_ws_50_mg_6.0_sim_10, F1@0.50: 50.93
New best found!
New Best F1@0.50: 50.93 with parameters: dp_duration_penalty_weight=2.0, dp_gap_penalty_weight=2.0, dp_window_size=50, dp_max_gap=6.0, similarity_weight=10

Processing video: 5085344787448740525

Processing video: 5085357672350628540

Processing video: 5086465773912997411

Processing video: 5090916219025116054

Processing video: 5092765202446045704

Processing video: 5097975856769557081

Processing video: 5099449889545545450

Processing video: 5103182645622502287

Processing video: 5134749367588120522

Processing video: 5146258161124252727

Processing video: 5172231547180314349

Processing video: 5173709444596630576

Processing video: 5218949624445806415

Processing video: 5525084584552992937

Processing video: 5366409594815891602

Processing video: 5391892065246550398
total  1173319 subs 9168
Trial 56/100, Params: dpd_2.0_dpg_0.0_ws_20_mg_10.0_sim_10, F1@0.50: 47.9

Processing video: 5085344787448740525

Processing video: 5085357672350628540

Processing video: 5090916219025116054

Processing video: 5086465773912997411

Processing video: 5092765202446045704

Processing video: 5097975856769557081

Processing video: 5099449889545545450

Processing video: 5103182645622502287

Processing video: 5134749367588120522

Processing video: 5146258161124252727

Processing video: 5172231547180314349

Processing video: 5173709444596630576

Processing video: 5218949624445806415

Processing video: 5366409594815891602

Processing video: 5391892065246550398

Processing video: 5525084584552992937
total  1173319 subs 9168
Trial 57/100, Params: dpd_5.0_dpg_100.0_ws_30_mg_10.0_sim_10, F1@0.50: 41.33

Processing video: 5085357672350628540

Processing video: 5085344787448740525

Processing video: 5086465773912997411

Processing video: 5090916219025116054

Processing video: 5092765202446045704

Processing video: 5097975856769557081

Processing video: 5099449889545545450

Processing video: 5103182645622502287

Processing video: 5134749367588120522

Processing video: 5146258161124252727

Processing video: 5172231547180314349

Processing video: 5173709444596630576

Processing video: 5218949624445806415

Processing video: 5366409594815891602

Processing video: 5391892065246550398

Processing video: 5525084584552992937
total  1173319 subs 9168
Trial 58/100, Params: dpd_100.0_dpg_100.0_ws_40_mg_4.0_sim_10, F1@0.50: 40.13

Processing video: 5086465773912997411

Processing video: 5085344787448740525

Processing video: 5085357672350628540

Processing video: 5090916219025116054

Processing video: 5092765202446045704

Processing video: 5097975856769557081

Processing video: 5099449889545545450

Processing video: 5103182645622502287

Processing video: 5134749367588120522

Processing video: 5146258161124252727

Processing video: 5172231547180314349

Processing video: 5173709444596630576

Processing video: 5218949624445806415

Processing video: 5366409594815891602

Processing video: 5391892065246550398

Processing video: 5525084584552992937
total  1173319 subs 9168
Trial 59/100, Params: dpd_0.1_dpg_5.0_ws_30_mg_10.0_sim_10, F1@0.50: 48.93

Processing video: 5085344787448740525

Processing video: 5086465773912997411

Processing video: 5085357672350628540

Processing video: 5090916219025116054

Processing video: 5092765202446045704

Processing video: 5097975856769557081

Processing video: 5099449889545545450

Processing video: 5103182645622502287

Processing video: 5134749367588120522

Processing video: 5146258161124252727

Processing video: 5172231547180314349

Processing video: 5173709444596630576

Processing video: 5218949624445806415

Processing video: 5366409594815891602

Processing video: 5525084584552992937

Processing video: 5391892065246550398
total  1173319 subs 9168
Trial 60/100, Params: dpd_5.0_dpg_2.0_ws_20_mg_6.0_sim_10, F1@0.50: 47.24

Processing video: 5085357672350628540

Processing video: 5085344787448740525

Processing video: 5086465773912997411

Processing video: 5090916219025116054

Processing video: 5092765202446045704

Processing video: 5097975856769557081

Processing video: 5099449889545545450

Processing video: 5103182645622502287

Processing video: 5134749367588120522

Processing video: 5146258161124252727

Processing video: 5172231547180314349

Processing video: 5173709444596630576

Processing video: 5218949624445806415

Processing video: 5366409594815891602

Processing video: 5391892065246550398

Processing video: 5525084584552992937
total  1173319 subs 9168
Trial 61/100, Params: dpd_20.0_dpg_10.0_ws_40_mg_6.0_sim_10, F1@0.50: 45.39

Processing video: 5085344787448740525

Processing video: 5085357672350628540

Processing video: 5086465773912997411

Processing video: 5090916219025116054

Processing video: 5092765202446045704

Processing video: 5097975856769557081

Processing video: 5099449889545545450

Processing video: 5103182645622502287

Processing video: 5134749367588120522

Processing video: 5146258161124252727

Processing video: 5172231547180314349

Processing video: 5173709444596630576

Processing video: 5218949624445806415

Processing video: 5366409594815891602

Processing video: 5525084584552992937

Processing video: 5391892065246550398
total  1173319 subs 9168
Trial 62/100, Params: dpd_2.0_dpg_10.0_ws_30_mg_2.0_sim_10, F1@0.50: 50.46

Processing video: 5085344787448740525

Processing video: 5085357672350628540

Processing video: 5086465773912997411

Processing video: 5090916219025116054

Processing video: 5092765202446045704

Processing video: 5097975856769557081

Processing video: 5099449889545545450

Processing video: 5103182645622502287

Processing video: 5134749367588120522

Processing video: 5146258161124252727

Processing video: 5172231547180314349

Processing video: 5173709444596630576

Processing video: 5218949624445806415

Processing video: 5366409594815891602

Processing video: 5525084584552992937

Processing video: 5391892065246550398
total  1173319 subs 9168
Trial 63/100, Params: dpd_0.1_dpg_0.5_ws_30_mg_4.0_sim_10, F1@0.50: 49.53

Processing video: 5085344787448740525

Processing video: 5085357672350628540

Processing video: 5086465773912997411

Processing video: 5090916219025116054

Processing video: 5092765202446045704

Processing video: 5097975856769557081

Processing video: 5099449889545545450

Processing video: 5103182645622502287

Processing video: 5134749367588120522

Processing video: 5146258161124252727

Processing video: 5172231547180314349

Processing video: 5173709444596630576

Processing video: 5218949624445806415

Processing video: 5366409594815891602

Processing video: 5525084584552992937

Processing video: 5391892065246550398
total  1173319 subs 9168
Trial 64/100, Params: dpd_1.0_dpg_20.0_ws_50_mg_2.0_sim_10, F1@0.50: 48.48

Processing video: 5085344787448740525

Processing video: 5085357672350628540

Processing video: 5086465773912997411

Processing video: 5090916219025116054

Processing video: 5092765202446045704

Processing video: 5097975856769557081

Processing video: 5099449889545545450

Processing video: 5103182645622502287

Processing video: 5134749367588120522

Processing video: 5146258161124252727

Processing video: 5172231547180314349

Processing video: 5173709444596630576

Processing video: 5218949624445806415

Processing video: 5366409594815891602

Processing video: 5525084584552992937

Processing video: 5391892065246550398
total  1173319 subs 9168
Trial 65/100, Params: dpd_5.0_dpg_2.0_ws_40_mg_10.0_sim_10, F1@0.50: 50.23

Processing video: 5085344787448740525

Processing video: 5085357672350628540

Processing video: 5086465773912997411

Processing video: 5090916219025116054

Processing video: 5092765202446045704

Processing video: 5097975856769557081

Processing video: 5099449889545545450

Processing video: 5103182645622502287

Processing video: 5134749367588120522

Processing video: 5146258161124252727

Processing video: 5172231547180314349

Processing video: 5173709444596630576

Processing video: 5218949624445806415

Processing video: 5366409594815891602

Processing video: 5525084584552992937

Processing video: 5391892065246550398
total  1173319 subs 9168
Trial 66/100, Params: dpd_0.0_dpg_0.8_ws_50_mg_6.0_sim_10, F1@0.50: 50.28

Processing video: 5085344787448740525

Processing video: 5085357672350628540

Processing video: 5086465773912997411

Processing video: 5090916219025116054

Processing video: 5092765202446045704

Processing video: 5097975856769557081

Processing video: 5099449889545545450

Processing video: 5103182645622502287

Processing video: 5134749367588120522

Processing video: 5146258161124252727

Processing video: 5172231547180314349
Processing video: 5173709444596630576


Processing video: 5218949624445806415

Processing video: 5366409594815891602

Processing video: 5525084584552992937

Processing video: 5391892065246550398
total  1173319 subs 9168
Trial 67/100, Params: dpd_0.8_dpg_100.0_ws_30_mg_2.0_sim_10, F1@0.50: 34.57

Processing video: 5085344787448740525

Processing video: 5085357672350628540

Processing video: 5086465773912997411

Processing video: 5090916219025116054

Processing video: 5092765202446045704

Processing video: 5097975856769557081

Processing video: 5099449889545545450

Processing video: 5103182645622502287

Processing video: 5134749367588120522

Processing video: 5146258161124252727

Processing video: 5172231547180314349

Processing video: 5173709444596630576

Processing video: 5218949624445806415

Processing video: 5366409594815891602

Processing video: 5525084584552992937

Processing video: 5391892065246550398
total  1173319 subs 9168
Trial 68/100, Params: dpd_1.0_dpg_20.0_ws_40_mg_6.0_sim_10, F1@0.50: 48.48

Processing video: 5085344787448740525

Processing video: 5085357672350628540

Processing video: 5086465773912997411

Processing video: 5090916219025116054

Processing video: 5092765202446045704

Processing video: 5097975856769557081

Processing video: 5099449889545545450

Processing video: 5103182645622502287

Processing video: 5134749367588120522

Processing video: 5146258161124252727

Processing video: 5172231547180314349

Processing video: 5173709444596630576

Processing video: 5218949624445806415

Processing video: 5366409594815891602

Processing video: 5525084584552992937

Processing video: 5391892065246550398
total  1173319 subs 9168
Trial 69/100, Params: dpd_0.5_dpg_10.0_ws_50_mg_2.0_sim_10, F1@0.50: 49.36

Processing video: 5085344787448740525

Processing video: 5085357672350628540

Processing video: 5086465773912997411

Processing video: 5090916219025116054

Processing video: 5092765202446045704

Processing video: 5097975856769557081

Processing video: 5099449889545545450

Processing video: 5103182645622502287

Processing video: 5134749367588120522

Processing video: 5146258161124252727

Processing video: 5172231547180314349

Processing video: 5173709444596630576

Processing video: 5218949624445806415

Processing video: 5366409594815891602

Processing video: 5391892065246550398

Processing video: 5525084584552992937
total  1173319 subs 9168
Trial 70/100, Params: dpd_20.0_dpg_2.0_ws_20_mg_8.0_sim_10, F1@0.50: 39.3

Processing video: 5085344787448740525

Processing video: 5086465773912997411

Processing video: 5085357672350628540

Processing video: 5090916219025116054

Processing video: 5092765202446045704

Processing video: 5097975856769557081

Processing video: 5099449889545545450

Processing video: 5103182645622502287

Processing video: 5134749367588120522

Processing video: 5146258161124252727

Processing video: 5172231547180314349

Processing video: 5173709444596630576

Processing video: 5218949624445806415

Processing video: 5366409594815891602

Processing video: 5391892065246550398

Processing video: 5525084584552992937
total  1173319 subs 9168
Trial 71/100, Params: dpd_10.0_dpg_5.0_ws_40_mg_8.0_sim_10, F1@0.50: 48.66

Processing video: 5085344787448740525

Processing video: 5085357672350628540

Processing video: 5086465773912997411

Processing video: 5090916219025116054

Processing video: 5092765202446045704

Processing video: 5097975856769557081

Processing video: 5099449889545545450

Processing video: 5103182645622502287

Processing video: 5134749367588120522

Processing video: 5146258161124252727

Processing video: 5172231547180314349

Processing video: 5173709444596630576

Processing video: 5218949624445806415

Processing video: 5366409594815891602

Processing video: 5525084584552992937

Processing video: 5391892065246550398
total  1173319 subs 9168
Trial 72/100, Params: dpd_2.0_dpg_20.0_ws_20_mg_6.0_sim_10, F1@0.50: 46.58

Processing video: 5085344787448740525

Processing video: 5085357672350628540

Processing video: 5086465773912997411

Processing video: 5090916219025116054

Processing video: 5092765202446045704

Processing video: 5097975856769557081

Processing video: 5099449889545545450

Processing video: 5103182645622502287

Processing video: 5134749367588120522

Processing video: 5146258161124252727

Processing video: 5172231547180314349

Processing video: 5173709444596630576

Processing video: 5218949624445806415

Processing video: 5366409594815891602

Processing video: 5525084584552992937

Processing video: 5391892065246550398
total  1173319 subs 9168
Trial 73/100, Params: dpd_0.0_dpg_2.0_ws_40_mg_2.0_sim_10, F1@0.50: 49.32

Processing video: 5086465773912997411
Processing video: 5085344787448740525


Processing video: 5085357672350628540

Processing video: 5090916219025116054

Processing video: 5092765202446045704

Processing video: 5097975856769557081

Processing video: 5099449889545545450

Processing video: 5103182645622502287

Processing video: 5134749367588120522

Processing video: 5146258161124252727

Processing video: 5172231547180314349

Processing video: 5173709444596630576

Processing video: 5218949624445806415

Processing video: 5366409594815891602

Processing video: 5391892065246550398

Processing video: 5525084584552992937
total  1173319 subs 9168
Trial 74/100, Params: dpd_100.0_dpg_0.5_ws_20_mg_8.0_sim_10, F1@0.50: 28.78

Processing video: 5085344787448740525

Processing video: 5085357672350628540

Processing video: 5086465773912997411

Processing video: 5090916219025116054

Processing video: 5092765202446045704

Processing video: 5097975856769557081

Processing video: 5099449889545545450

Processing video: 5103182645622502287

Processing video: 5134749367588120522

Processing video: 5146258161124252727

Processing video: 5172231547180314349

Processing video: 5173709444596630576

Processing video: 5218949624445806415

Processing video: 5366409594815891602

Processing video: 5525084584552992937

Processing video: 5391892065246550398
total  1173319 subs 9168
Trial 75/100, Params: dpd_100.0_dpg_0.1_ws_50_mg_2.0_sim_10, F1@0.50: 31.17

Processing video: 5085344787448740525

Processing video: 5085357672350628540

Processing video: 5086465773912997411

Processing video: 5090916219025116054

Processing video: 5092765202446045704

Processing video: 5097975856769557081

Processing video: 5099449889545545450

Processing video: 5103182645622502287

Processing video: 5134749367588120522

Processing video: 5146258161124252727

Processing video: 5172231547180314349

Processing video: 5173709444596630576

Processing video: 5218949624445806415

Processing video: 5366409594815891602

Processing video: 5525084584552992937

Processing video: 5391892065246550398
total  1173319 subs 9168
Trial 76/100, Params: dpd_0.1_dpg_5.0_ws_30_mg_6.0_sim_10, F1@0.50: 48.9

Processing video: 5085344787448740525

Processing video: 5085357672350628540

Processing video: 5086465773912997411

Processing video: 5090916219025116054

Processing video: 5092765202446045704

Processing video: 5097975856769557081

Processing video: 5099449889545545450

Processing video: 5103182645622502287

Processing video: 5134749367588120522

Processing video: 5146258161124252727

Processing video: 5172231547180314349

Processing video: 5173709444596630576

Processing video: 5218949624445806415

Processing video: 5366409594815891602
Processing video: 5525084584552992937


Processing video: 5391892065246550398
total  1173319 subs 9168
Trial 77/100, Params: dpd_0.0_dpg_5.0_ws_30_mg_6.0_sim_10, F1@0.50: 48.53

Processing video: 5085344787448740525

Processing video: 5086465773912997411

Processing video: 5085357672350628540

Processing video: 5090916219025116054

Processing video: 5092765202446045704

Processing video: 5097975856769557081

Processing video: 5099449889545545450

Processing video: 5103182645622502287

Processing video: 5134749367588120522

Processing video: 5146258161124252727

Processing video: 5172231547180314349

Processing video: 5173709444596630576

Processing video: 5218949624445806415

Processing video: 5366409594815891602

Processing video: 5391892065246550398

Processing video: 5525084584552992937
total  1173319 subs 9168
Trial 78/100, Params: dpd_0.8_dpg_5.0_ws_20_mg_6.0_sim_10, F1@0.50: 48.38

Processing video: 5085344787448740525

Processing video: 5085357672350628540

Processing video: 5086465773912997411

Processing video: 5090916219025116054

Processing video: 5092765202446045704

Processing video: 5097975856769557081

Processing video: 5099449889545545450

Processing video: 5103182645622502287

Processing video: 5134749367588120522

Processing video: 5146258161124252727

Processing video: 5172231547180314349

Processing video: 5173709444596630576

Processing video: 5218949624445806415

Processing video: 5366409594815891602

Processing video: 5525084584552992937

Processing video: 5391892065246550398
total  1173319 subs 9168
Trial 79/100, Params: dpd_2.0_dpg_0.8_ws_20_mg_8.0_sim_10, F1@0.50: 48.64

Processing video: 5085344787448740525

Processing video: 5085357672350628540

Processing video: 5086465773912997411

Processing video: 5090916219025116054

Processing video: 5092765202446045704

Processing video: 5097975856769557081

Processing video: 5099449889545545450

Processing video: 5103182645622502287

Processing video: 5134749367588120522

Processing video: 5146258161124252727

Processing video: 5172231547180314349

Processing video: 5173709444596630576

Processing video: 5218949624445806415

Processing video: 5366409594815891602

Processing video: 5525084584552992937

Processing video: 5391892065246550398
total  1173319 subs 9168
Trial 80/100, Params: dpd_1.0_dpg_0.8_ws_40_mg_6.0_sim_10, F1@0.50: 50.33

Processing video: 5085357672350628540

Processing video: 5085344787448740525

Processing video: 5086465773912997411

Processing video: 5090916219025116054

Processing video: 5092765202446045704

Processing video: 5097975856769557081

Processing video: 5099449889545545450

Processing video: 5103182645622502287

Processing video: 5134749367588120522

Processing video: 5146258161124252727

Processing video: 5172231547180314349

Processing video: 5173709444596630576

Processing video: 5218949624445806415

Processing video: 5366409594815891602

Processing video: 5391892065246550398

Processing video: 5525084584552992937
total  1173319 subs 9168
Trial 81/100, Params: dpd_100.0_dpg_0.0_ws_50_mg_10.0_sim_10, F1@0.50: 31.05

Processing video: 5085344787448740525

Processing video: 5085357672350628540

Processing video: 5086465773912997411

Processing video: 5090916219025116054

Processing video: 5092765202446045704

Processing video: 5097975856769557081

Processing video: 5099449889545545450

Processing video: 5103182645622502287

Processing video: 5134749367588120522

Processing video: 5146258161124252727

Processing video: 5172231547180314349

Processing video: 5173709444596630576

Processing video: 5218949624445806415

Processing video: 5391892065246550398

Processing video: 5366409594815891602

Processing video: 5525084584552992937
total  1173319 subs 9168
Trial 82/100, Params: dpd_1.0_dpg_0.0_ws_50_mg_4.0_sim_10, F1@0.50: 50.01

Processing video: 5085344787448740525

Processing video: 5085357672350628540

Processing video: 5086465773912997411

Processing video: 5090916219025116054

Processing video: 5092765202446045704

Processing video: 5097975856769557081

Processing video: 5099449889545545450

Processing video: 5103182645622502287

Processing video: 5134749367588120522

Processing video: 5146258161124252727

Processing video: 5172231547180314349

Processing video: 5173709444596630576

Processing video: 5218949624445806415

Processing video: 5366409594815891602

Processing video: 5525084584552992937

Processing video: 5391892065246550398
total  1173319 subs 9168
Trial 83/100, Params: dpd_0.8_dpg_10.0_ws_30_mg_8.0_sim_10, F1@0.50: 49.39

Processing video: 5085344787448740525

Processing video: 5085357672350628540

Processing video: 5086465773912997411

Processing video: 5090916219025116054

Processing video: 5092765202446045704

Processing video: 5097975856769557081

Processing video: 5099449889545545450

Processing video: 5103182645622502287

Processing video: 5134749367588120522

Processing video: 5146258161124252727

Processing video: 5172231547180314349

Processing video: 5173709444596630576

Processing video: 5218949624445806415

Processing video: 5366409594815891602

Processing video: 5391892065246550398

Processing video: 5525084584552992937
total  1173319 subs 9168
Trial 84/100, Params: dpd_10.0_dpg_0.1_ws_40_mg_6.0_sim_10, F1@0.50: 47.2

Processing video: 5085344787448740525

Processing video: 5086465773912997411

Processing video: 5085357672350628540

Processing video: 5090916219025116054

Processing video: 5092765202446045704

Processing video: 5097975856769557081

Processing video: 5099449889545545450

Processing video: 5103182645622502287

Processing video: 5134749367588120522

Processing video: 5146258161124252727

Processing video: 5172231547180314349

Processing video: 5173709444596630576

Processing video: 5218949624445806415

Processing video: 5366409594815891602

Processing video: 5391892065246550398

Processing video: 5525084584552992937
total  1173319 subs 9168
Trial 85/100, Params: dpd_100.0_dpg_0.0_ws_30_mg_2.0_sim_10, F1@0.50: 30.99

Processing video: 5085344787448740525

Processing video: 5086465773912997411

Processing video: 5085357672350628540

Processing video: 5090916219025116054

Processing video: 5092765202446045704

Processing video: 5097975856769557081

Processing video: 5099449889545545450

Processing video: 5103182645622502287

Processing video: 5134749367588120522

Processing video: 5146258161124252727

Processing video: 5172231547180314349

Processing video: 5173709444596630576

Processing video: 5218949624445806415

Processing video: 5366409594815891602

Processing video: 5391892065246550398

Processing video: 5525084584552992937
total  1173319 subs 9168
Trial 86/100, Params: dpd_0.1_dpg_1.0_ws_30_mg_8.0_sim_10, F1@0.50: 49.74

Processing video: 5085344787448740525

Processing video: 5086465773912997411

Processing video: 5085357672350628540

Processing video: 5090916219025116054

Processing video: 5092765202446045704

Processing video: 5097975856769557081

Processing video: 5099449889545545450

Processing video: 5103182645622502287

Processing video: 5134749367588120522

Processing video: 5146258161124252727

Processing video: 5172231547180314349

Processing video: 5173709444596630576

Processing video: 5218949624445806415

Processing video: 5366409594815891602

Processing video: 5525084584552992937
Processing video: 5391892065246550398

total  1173319 subs 9168
Trial 87/100, Params: dpd_10.0_dpg_0.0_ws_30_mg_8.0_sim_10, F1@0.50: 46.36

Processing video: 5085344787448740525

Processing video: 5086465773912997411

Processing video: 5085357672350628540

Processing video: 5090916219025116054

Processing video: 5092765202446045704

Processing video: 5097975856769557081

Processing video: 5099449889545545450

Processing video: 5103182645622502287

Processing video: 5134749367588120522

Processing video: 5146258161124252727

Processing video: 5172231547180314349

Processing video: 5173709444596630576

Processing video: 5218949624445806415

Processing video: 5366409594815891602

Processing video: 5391892065246550398

Processing video: 5525084584552992937
total  1173319 subs 9168
Trial 88/100, Params: dpd_5.0_dpg_0.0_ws_20_mg_4.0_sim_10, F1@0.50: 46.88

Processing video: 5085344787448740525

Processing video: 5086465773912997411

Processing video: 5085357672350628540

Processing video: 5090916219025116054

Processing video: 5092765202446045704

Processing video: 5097975856769557081

Processing video: 5099449889545545450

Processing video: 5103182645622502287

Processing video: 5134749367588120522

Processing video: 5146258161124252727

Processing video: 5172231547180314349

Processing video: 5173709444596630576

Processing video: 5218949624445806415

Processing video: 5366409594815891602

Processing video: 5391892065246550398

Processing video: 5525084584552992937
total  1173319 subs 9168
Trial 89/100, Params: dpd_0.0_dpg_1.0_ws_30_mg_4.0_sim_10, F1@0.50: 49.64

Processing video: 5085344787448740525

Processing video: 5085357672350628540

Processing video: 5086465773912997411

Processing video: 5090916219025116054

Processing video: 5092765202446045704

Processing video: 5097975856769557081

Processing video: 5099449889545545450

Processing video: 5103182645622502287

Processing video: 5134749367588120522

Processing video: 5146258161124252727

Processing video: 5172231547180314349

Processing video: 5173709444596630576

Processing video: 5218949624445806415

Processing video: 5366409594815891602

Processing video: 5391892065246550398

Processing video: 5525084584552992937
total  1173319 subs 9168
Trial 90/100, Params: dpd_20.0_dpg_0.8_ws_30_mg_8.0_sim_10, F1@0.50: 42.49

Processing video: 5085344787448740525

Processing video: 5085357672350628540

Processing video: 5086465773912997411

Processing video: 5090916219025116054

Processing video: 5092765202446045704

Processing video: 5097975856769557081

Processing video: 5099449889545545450

Processing video: 5103182645622502287

Processing video: 5134749367588120522

Processing video: 5146258161124252727

Processing video: 5172231547180314349

Processing video: 5173709444596630576

Processing video: 5218949624445806415

Processing video: 5366409594815891602

Processing video: 5525084584552992937
Processing video: 5391892065246550398

total  1173319 subs 9168
Trial 91/100, Params: dpd_0.1_dpg_1.0_ws_50_mg_2.0_sim_10, F1@0.50: 49.53

Processing video: 5085344787448740525

Processing video: 5085357672350628540

Processing video: 5086465773912997411

Processing video: 5090916219025116054

Processing video: 5092765202446045704

Processing video: 5097975856769557081

Processing video: 5099449889545545450

Processing video: 5103182645622502287

Processing video: 5134749367588120522

Processing video: 5146258161124252727

Processing video: 5172231547180314349

Processing video: 5173709444596630576

Processing video: 5218949624445806415

Processing video: 5366409594815891602

Processing video: 5525084584552992937

Processing video: 5391892065246550398
total  1173319 subs 9168
Trial 92/100, Params: dpd_0.8_dpg_0.1_ws_40_mg_10.0_sim_10, F1@0.50: 49.75

Processing video: 5085344787448740525

Processing video: 5090916219025116054

Processing video: 5085357672350628540

Processing video: 5086465773912997411

Processing video: 5092765202446045704

Processing video: 5097975856769557081

Processing video: 5099449889545545450

Processing video: 5103182645622502287

Processing video: 5134749367588120522

Processing video: 5146258161124252727

Processing video: 5172231547180314349

Processing video: 5173709444596630576

Processing video: 5218949624445806415

Processing video: 5366409594815891602

Processing video: 5391892065246550398

Processing video: 5525084584552992937
total  1173319 subs 9168
Trial 93/100, Params: dpd_20.0_dpg_100.0_ws_30_mg_10.0_sim_10, F1@0.50: 42.55

Processing video: 5085344787448740525

Processing video: 5085357672350628540

Processing video: 5086465773912997411

Processing video: 5090916219025116054

Processing video: 5092765202446045704

Processing video: 5097975856769557081

Processing video: 5099449889545545450

Processing video: 5103182645622502287

Processing video: 5134749367588120522

Processing video: 5146258161124252727

Processing video: 5172231547180314349

Processing video: 5173709444596630576

Processing video: 5218949624445806415

Processing video: 5525084584552992937

Processing video: 5366409594815891602

Processing video: 5391892065246550398
total  1173319 subs 9168
Trial 94/100, Params: dpd_20.0_dpg_0.1_ws_40_mg_8.0_sim_10, F1@0.50: 43.66

Processing video: 5085344787448740525

Processing video: 5085357672350628540

Processing video: 5086465773912997411

Processing video: 5090916219025116054

Processing video: 5092765202446045704

Processing video: 5097975856769557081

Processing video: 5099449889545545450

Processing video: 5103182645622502287

Processing video: 5134749367588120522

Processing video: 5146258161124252727

Processing video: 5172231547180314349

Processing video: 5173709444596630576

Processing video: 5218949624445806415

Processing video: 5366409594815891602

Processing video: 5525084584552992937

Processing video: 5391892065246550398
total  1173319 subs 9168
Trial 95/100, Params: dpd_0.8_dpg_100.0_ws_40_mg_10.0_sim_10, F1@0.50: 34.95

Processing video: 5085344787448740525

Processing video: 5086465773912997411

Processing video: 5085357672350628540

Processing video: 5090916219025116054

Processing video: 5092765202446045704

Processing video: 5097975856769557081

Processing video: 5099449889545545450

Processing video: 5103182645622502287

Processing video: 5134749367588120522

Processing video: 5146258161124252727

Processing video: 5172231547180314349

Processing video: 5173709444596630576

Processing video: 5218949624445806415

Processing video: 5366409594815891602

Processing video: 5525084584552992937
Processing video: 5391892065246550398

total  1173319 subs 9168
Trial 96/100, Params: dpd_0.0_dpg_0.1_ws_20_mg_4.0_sim_10, F1@0.50: 48.13

Processing video: 5085344787448740525

Processing video: 5086465773912997411

Processing video: 5085357672350628540

Processing video: 5090916219025116054

Processing video: 5092765202446045704

Processing video: 5097975856769557081

Processing video: 5099449889545545450

Processing video: 5103182645622502287

Processing video: 5134749367588120522

Processing video: 5146258161124252727

Processing video: 5172231547180314349

Processing video: 5218949624445806415

Processing video: 5173709444596630576

Processing video: 5366409594815891602

Processing video: 5391892065246550398

Processing video: 5525084584552992937
total  1173319 subs 9168
Trial 97/100, Params: dpd_20.0_dpg_5.0_ws_50_mg_8.0_sim_10, F1@0.50: 44.73

Processing video: 5085344787448740525

Processing video: 5085357672350628540

Processing video: 5086465773912997411

Processing video: 5090916219025116054

Processing video: 5092765202446045704

Processing video: 5097975856769557081

Processing video: 5099449889545545450

Processing video: 5103182645622502287

Processing video: 5134749367588120522

Processing video: 5146258161124252727

Processing video: 5172231547180314349

Processing video: 5173709444596630576

Processing video: 5218949624445806415

Processing video: 5366409594815891602

Processing video: 5525084584552992937

Processing video: 5391892065246550398
total  1173319 subs 9168
Trial 98/100, Params: dpd_0.8_dpg_10.0_ws_50_mg_2.0_sim_10, F1@0.50: 49.88

Processing video: 5085344787448740525

Processing video: 5085357672350628540

Processing video: 5090916219025116054

Processing video: 5086465773912997411

Processing video: 5092765202446045704

Processing video: 5097975856769557081

Processing video: 5099449889545545450

Processing video: 5103182645622502287

Processing video: 5134749367588120522

Processing video: 5146258161124252727

Processing video: 5172231547180314349

Processing video: 5173709444596630576

Processing video: 5218949624445806415

Processing video: 5366409594815891602

Processing video: 5391892065246550398
Processing video: 5525084584552992937

total  1173319 subs 9168
Trial 99/100, Params: dpd_1.0_dpg_0.8_ws_40_mg_10.0_sim_10, F1@0.50: 50.3

Processing video: 5085344787448740525

Processing video: 5085357672350628540

Processing video: 5086465773912997411

Processing video: 5090916219025116054

Processing video: 5092765202446045704

Processing video: 5097975856769557081

Processing video: 5099449889545545450

Processing video: 5103182645622502287

Processing video: 5134749367588120522

Processing video: 5146258161124252727

Processing video: 5172231547180314349

Processing video: 5173709444596630576

Processing video: 5218949624445806415

Processing video: 5366409594815891602

Processing video: 5525084584552992937

Processing video: 5391892065246550398
total  1173319 subs 9168
Trial 100/100, Params: dpd_5.0_dpg_0.8_ws_20_mg_6.0_sim_10, F1@0.50: 46.94
----- All Trials -----
dpd_1.0_dpg_10.0_ws_20_mg_4.0_sim_10 => F1@0.50: 47.82
dpd_20.0_dpg_0.5_ws_20_mg_10.0_sim_10 => F1@0.50: 39.31
dpd_1.0_dpg_0.1_ws_50_mg_4.0_sim_10 => F1@0.50: 50.13
dpd_1.0_dpg_20.0_ws_20_mg_6.0_sim_10 => F1@0.50: 45.44
dpd_100.0_dpg_20.0_ws_50_mg_2.0_sim_10 => F1@0.50: 31.54
dpd_0.1_dpg_2.0_ws_20_mg_2.0_sim_10 => F1@0.50: 47.74
dpd_100.0_dpg_0.0_ws_30_mg_10.0_sim_10 => F1@0.50: 30.72
dpd_0.8_dpg_5.0_ws_50_mg_8.0_sim_10 => F1@0.50: 50.63
dpd_0.5_dpg_0.1_ws_50_mg_4.0_sim_10 => F1@0.50: 49.86
dpd_0.0_dpg_100.0_ws_20_mg_4.0_sim_10 => F1@0.50: 30.22
dpd_0.8_dpg_10.0_ws_30_mg_4.0_sim_10 => F1@0.50: 49.32
dpd_2.0_dpg_1.0_ws_50_mg_10.0_sim_10 => F1@0.50: 50.87
dpd_20.0_dpg_0.8_ws_30_mg_10.0_sim_10 => F1@0.50: 42.46
dpd_0.8_dpg_5.0_ws_30_mg_4.0_sim_10 => F1@0.50: 49.93
dpd_100.0_dpg_1.0_ws_40_mg_8.0_sim_10 => F1@0.50: 31.24
dpd_2.0_dpg_5.0_ws_20_mg_2.0_sim_10 => F1@0.50: 48.8
dpd_100.0_dpg_10.0_ws_40_mg_10.0_sim_10 => F1@0.50: 32.24
dpd_0.5_dpg_2.0_ws_20_mg_8.0_sim_10 => F1@0.50: 48.45
dpd_0.8_dpg_0.8_ws_30_mg_2.0_sim_10 => F1@0.50: 49.02
dpd_5.0_dpg_0.8_ws_50_mg_8.0_sim_10 => F1@0.50: 49.87
dpd_0.1_dpg_0.0_ws_20_mg_2.0_sim_10 => F1@0.50: 48.52
dpd_2.0_dpg_0.8_ws_30_mg_4.0_sim_10 => F1@0.50: 50.15
dpd_100.0_dpg_10.0_ws_40_mg_8.0_sim_10 => F1@0.50: 32.23
dpd_100.0_dpg_0.0_ws_40_mg_2.0_sim_10 => F1@0.50: 31.47
dpd_0.5_dpg_0.1_ws_20_mg_10.0_sim_10 => F1@0.50: 47.91
dpd_100.0_dpg_0.5_ws_50_mg_4.0_sim_10 => F1@0.50: 31.12
dpd_20.0_dpg_0.0_ws_30_mg_8.0_sim_10 => F1@0.50: 42.52
dpd_0.0_dpg_0.1_ws_40_mg_8.0_sim_10 => F1@0.50: 49.52
dpd_10.0_dpg_100.0_ws_40_mg_2.0_sim_10 => F1@0.50: 44.45
dpd_0.0_dpg_100.0_ws_40_mg_10.0_sim_10 => F1@0.50: 31.72
dpd_0.8_dpg_10.0_ws_20_mg_4.0_sim_10 => F1@0.50: 47.52
dpd_20.0_dpg_0.0_ws_20_mg_10.0_sim_10 => F1@0.50: 39.27
dpd_5.0_dpg_0.8_ws_30_mg_6.0_sim_10 => F1@0.50: 49.19
dpd_0.0_dpg_0.0_ws_20_mg_6.0_sim_10 => F1@0.50: 47.75
dpd_0.8_dpg_1.0_ws_40_mg_8.0_sim_10 => F1@0.50: 50.36
dpd_1.0_dpg_1.0_ws_40_mg_6.0_sim_10 => F1@0.50: 50.38
dpd_0.0_dpg_100.0_ws_40_mg_6.0_sim_10 => F1@0.50: 31.72
dpd_10.0_dpg_10.0_ws_30_mg_8.0_sim_10 => F1@0.50: 48.59
dpd_2.0_dpg_100.0_ws_30_mg_2.0_sim_10 => F1@0.50: 37.42
dpd_0.5_dpg_0.0_ws_40_mg_4.0_sim_10 => F1@0.50: 49.82
dpd_100.0_dpg_0.8_ws_20_mg_8.0_sim_10 => F1@0.50: 28.83
dpd_20.0_dpg_5.0_ws_30_mg_2.0_sim_10 => F1@0.50: 42.4
dpd_0.0_dpg_1.0_ws_30_mg_4.0_sim_10 => F1@0.50: 49.64
dpd_0.5_dpg_0.0_ws_30_mg_6.0_sim_10 => F1@0.50: 49.36
dpd_5.0_dpg_5.0_ws_40_mg_10.0_sim_10 => F1@0.50: 50.92
dpd_0.5_dpg_10.0_ws_40_mg_6.0_sim_10 => F1@0.50: 49.39
dpd_1.0_dpg_100.0_ws_30_mg_6.0_sim_10 => F1@0.50: 35.15
dpd_0.0_dpg_1.0_ws_20_mg_8.0_sim_10 => F1@0.50: 48.16
dpd_100.0_dpg_5.0_ws_30_mg_10.0_sim_10 => F1@0.50: 31.15
dpd_0.5_dpg_0.1_ws_20_mg_4.0_sim_10 => F1@0.50: 48.42
dpd_100.0_dpg_10.0_ws_20_mg_8.0_sim_10 => F1@0.50: 29.27
dpd_2.0_dpg_5.0_ws_20_mg_10.0_sim_10 => F1@0.50: 49.04
dpd_2.0_dpg_2.0_ws_50_mg_6.0_sim_10 => F1@0.50: 50.93
dpd_2.0_dpg_0.0_ws_20_mg_10.0_sim_10 => F1@0.50: 47.9
dpd_5.0_dpg_100.0_ws_30_mg_10.0_sim_10 => F1@0.50: 41.33
dpd_100.0_dpg_100.0_ws_40_mg_4.0_sim_10 => F1@0.50: 40.13
dpd_0.1_dpg_5.0_ws_30_mg_10.0_sim_10 => F1@0.50: 48.93
dpd_5.0_dpg_2.0_ws_20_mg_6.0_sim_10 => F1@0.50: 47.24
dpd_20.0_dpg_10.0_ws_40_mg_6.0_sim_10 => F1@0.50: 45.39
dpd_2.0_dpg_10.0_ws_30_mg_2.0_sim_10 => F1@0.50: 50.46
dpd_0.1_dpg_0.5_ws_30_mg_4.0_sim_10 => F1@0.50: 49.53
dpd_1.0_dpg_20.0_ws_50_mg_2.0_sim_10 => F1@0.50: 48.48
dpd_5.0_dpg_2.0_ws_40_mg_10.0_sim_10 => F1@0.50: 50.23
dpd_0.0_dpg_0.8_ws_50_mg_6.0_sim_10 => F1@0.50: 50.28
dpd_0.8_dpg_100.0_ws_30_mg_2.0_sim_10 => F1@0.50: 34.57
dpd_1.0_dpg_20.0_ws_40_mg_6.0_sim_10 => F1@0.50: 48.48
dpd_0.5_dpg_10.0_ws_50_mg_2.0_sim_10 => F1@0.50: 49.36
dpd_20.0_dpg_2.0_ws_20_mg_8.0_sim_10 => F1@0.50: 39.3
dpd_10.0_dpg_5.0_ws_40_mg_8.0_sim_10 => F1@0.50: 48.66
dpd_2.0_dpg_20.0_ws_20_mg_6.0_sim_10 => F1@0.50: 46.58
dpd_0.0_dpg_2.0_ws_40_mg_2.0_sim_10 => F1@0.50: 49.32
dpd_100.0_dpg_0.5_ws_20_mg_8.0_sim_10 => F1@0.50: 28.78
dpd_100.0_dpg_0.1_ws_50_mg_2.0_sim_10 => F1@0.50: 31.17
dpd_0.1_dpg_5.0_ws_30_mg_6.0_sim_10 => F1@0.50: 48.9
dpd_0.0_dpg_5.0_ws_30_mg_6.0_sim_10 => F1@0.50: 48.53
dpd_0.8_dpg_5.0_ws_20_mg_6.0_sim_10 => F1@0.50: 48.38
dpd_2.0_dpg_0.8_ws_20_mg_8.0_sim_10 => F1@0.50: 48.64
dpd_1.0_dpg_0.8_ws_40_mg_6.0_sim_10 => F1@0.50: 50.33
dpd_100.0_dpg_0.0_ws_50_mg_10.0_sim_10 => F1@0.50: 31.05
dpd_1.0_dpg_0.0_ws_50_mg_4.0_sim_10 => F1@0.50: 50.01
dpd_0.8_dpg_10.0_ws_30_mg_8.0_sim_10 => F1@0.50: 49.39
dpd_10.0_dpg_0.1_ws_40_mg_6.0_sim_10 => F1@0.50: 47.2
dpd_100.0_dpg_0.0_ws_30_mg_2.0_sim_10 => F1@0.50: 30.99
dpd_0.1_dpg_1.0_ws_30_mg_8.0_sim_10 => F1@0.50: 49.74
dpd_10.0_dpg_0.0_ws_30_mg_8.0_sim_10 => F1@0.50: 46.36
dpd_5.0_dpg_0.0_ws_20_mg_4.0_sim_10 => F1@0.50: 46.88
dpd_20.0_dpg_0.8_ws_30_mg_8.0_sim_10 => F1@0.50: 42.49
dpd_0.1_dpg_1.0_ws_50_mg_2.0_sim_10 => F1@0.50: 49.53
dpd_0.8_dpg_0.1_ws_40_mg_10.0_sim_10 => F1@0.50: 49.75
dpd_20.0_dpg_100.0_ws_30_mg_10.0_sim_10 => F1@0.50: 42.55
dpd_20.0_dpg_0.1_ws_40_mg_8.0_sim_10 => F1@0.50: 43.66
dpd_0.8_dpg_100.0_ws_40_mg_10.0_sim_10 => F1@0.50: 34.95
dpd_0.0_dpg_0.1_ws_20_mg_4.0_sim_10 => F1@0.50: 48.13
dpd_20.0_dpg_5.0_ws_50_mg_8.0_sim_10 => F1@0.50: 44.73
dpd_0.8_dpg_10.0_ws_50_mg_2.0_sim_10 => F1@0.50: 49.88
dpd_1.0_dpg_0.8_ws_40_mg_10.0_sim_10 => F1@0.50: 50.3
dpd_5.0_dpg_0.8_ws_20_mg_6.0_sim_10 => F1@0.50: 46.94
----- Best Parameters -----
Best F1@0.50: 50.93 with parameters: dp_duration_penalty_weight=2.0, dp_gap_penalty_weight=2.0, dp_window_size=50, dp_max_gap=6.0, similarity_weight=10

Processing video: 5085357672350628540

Processing video: 5085344787448740525

Processing video: 5086465773912997411

Processing video: 5090916219025116054

Processing video: 5092765202446045704

Processing video: 5097975856769557081

Processing video: 5099449889545545450

Processing video: 5103182645622502287

Processing video: 5134749367588120522

Processing video: 5146258161124252727

Processing video: 5172231547180314349

Processing video: 5173709444596630576

Processing video: 5218949624445806415

Processing video: 5366409594815891602

Processing video: 5391892065246550398

Processing video: 5525084584552992937
Written updated ELAN file to /scratch/shared/beegfs/zifan/bobsl/video_features/segmentation/5218949624445806415_updated.eaf
Written updated ELAN file to /scratch/shared/beegfs/zifan/bobsl/video_features/segmentation/5086465773912997411_updated.eaf
Written updated ELAN file to /scratch/shared/beegfs/zifan/bobsl/video_features/segmentation/5097975856769557081_updated.eaf
Written updated ELAN file to /scratch/shared/beegfs/zifan/bobsl/video_features/segmentation/5366409594815891602_updated.eaf
Written updated ELAN file to /scratch/shared/beegfs/zifan/bobsl/video_features/segmentation/5103182645622502287_updated.eaf
Written updated ELAN file to /scratch/shared/beegfs/zifan/bobsl/video_features/segmentation/5173709444596630576_updated.eaf
Written updated ELAN file to /scratch/shared/beegfs/zifan/bobsl/video_features/segmentation/5085357672350628540_updated.eaf
Written updated ELAN file to /scratch/shared/beegfs/zifan/bobsl/video_features/segmentation/5172231547180314349_updated.eaf
Written updated ELAN file to /scratch/shared/beegfs/zifan/bobsl/video_features/segmentation/5134749367588120522_updated.eaf
Written updated ELAN file to /scratch/shared/beegfs/zifan/bobsl/video_features/segmentation/5085344787448740525_updated.eaf
Written updated ELAN file to /scratch/shared/beegfs/zifan/bobsl/video_features/segmentation/5146258161124252727_updated.eaf
Written updated ELAN file to /scratch/shared/beegfs/zifan/bobsl/video_features/segmentation/5525084584552992937_updated.eaf
Written updated ELAN file to /scratch/shared/beegfs/zifan/bobsl/video_features/segmentation/5090916219025116054_updated.eaf
Written updated ELAN file to /scratch/shared/beegfs/zifan/bobsl/video_features/segmentation/5391892065246550398_updated.eaf
Written updated ELAN file to /scratch/shared/beegfs/zifan/bobsl/video_features/segmentation/5099449889545545450_updated.eaf
Written updated ELAN file to /scratch/shared/beegfs/zifan/bobsl/video_features/segmentation/5092765202446045704_updated.eaf
total  1173319 subs 9168
Mean and median start offset: 0.11 / -0.11 
Mean and median end offset: 0.41 / 0.40 
Mean and median start offset (abs): 1.38 / 0.86 
Mean and median end offset (abs): 1.48 / 1.01 
Computed over 1173319 frames, 9168 sentences - Frame-level accuracy: 71.96 F1@0.10: 77.33 F1@0.25: 69.59 F1@0.50: 50.93
